// Jest Snapshot v1, https://goo.gl/fbAQLP

exports[`User Entity can be created 1`] = `
User {
  "email": "test-email",
  "name": "test-name",
  "password": "test-password",
  "phoneNumber": "test-phone",
  "profilePicture": "test-profilePicture",
  "username": "test-username",
  "usertype": "test-type",
}
`;
